┌─────────────────────────────────────┐
│ LBM KARMAN VORTEX STREET SIMULATION │
└─────────────────────────────────────┘
 CONFIG PARAMETERS
 ┬────────────────────────────────────
 ├ITERATIONS:          20000
 ├WIDTH:               6400
 ├HEIGHT:              160
 ├OBSTACLE X COORD:    100.000000
 ├OBSTACLE Y COORD:    80.000000
 ├OBSTACLE RADIUS:     12.000000
 ├REYNOLDS NUMBER:     96.000000
 ├INFLOW MAX VELOCITY: 0.160000
 ├OUTPUT FILENAME:     results.raw
 ├WRITE INTERVAL:      50
 └SHOW PROGRESS:       0

 DERIVED PARAMETERS
 ┬────────────────────────────────────
 ├KINETIC VISCOSITY:  : 0.040000
 └RELAX PARAMETER:    : 1.612903


RANK|      TOP   BOTTOM     LEFT    RIGHT |     TOP LEFT    TOP RIGHT  BOTTOM LEFT BOTTOM RIGHT |  POS X  POS Y |  DIM X  DIM Y
   7|       6       -1       -1       -1  |          -1           -1           -1           -1  |     0    140  |  6402     22 
   0|      -1        1       -1       -1  |          -1           -1           -1           -1  |     0      0  |  6402     22 
   1|       0        2       -1       -1  |          -1           -1           -1           -1  |     0     20  |  6402     22 
   3|       2        4       -1       -1  |          -1           -1           -1           -1  |     0     60  |  6402     22 
   4|       3        5       -1       -1  |          -1           -1           -1           -1  |     0     80  |  6402     22 
   5|       4        6       -1       -1  |          -1           -1           -1           -1  |     0    100  |  6402     22 
   6|       5        7       -1       -1  |          -1           -1           -1           -1  |     0    120  |  6402     22 
   2|       1        3       -1       -1  |          -1           -1           -1           -1  |     0     40  |  6402     22 
SIMULATION COMPLETED.

FOM:  471.87 MLUPS
