┌─────────────────────────────────────┐
│ LBM KARMAN VORTEX STREET SIMULATION │
└─────────────────────────────────────┘
 CONFIG PARAMETERS
 ┬────────────────────────────────────
 ├ITERATIONS:          20000
 ├WIDTH:               800
 ├HEIGHT:              640
 ├OBSTACLE X COORD:    100.000000
 ├OBSTACLE Y COORD:    320.000000
 ├OBSTACLE RADIUS:     12.000000
 ├REYNOLDS NUMBER:     96.000000
 ├INFLOW MAX VELOCITY: 0.160000
 ├OUTPUT FILENAME:     results.raw
 ├WRITE INTERVAL:      50
 └SHOW PROGRESS:       0

 DERIVED PARAMETERS
 ┬────────────────────────────────────
 ├KINETIC VISCOSITY:  : 0.040000
 └RELAX PARAMETER:    : 1.612903


RANK|      TOP   BOTTOM     LEFT    RIGHT |     TOP LEFT    TOP RIGHT  BOTTOM LEFT BOTTOM RIGHT |  POS X  POS Y |  DIM X  DIM Y
   0|      -1        1       -1       -1  |          -1           -1           -1           -1  |     0      0  |   802    162 
   3|       2       -1       -1       -1  |          -1           -1           -1           -1  |     0    480  |   802    162 
   1|       0        2       -1       -1  |          -1           -1           -1           -1  |     0    160  |   802    162 
   2|       1        3       -1       -1  |          -1           -1           -1           -1  |     0    320  |   802    162 
SIMULATION COMPLETED.

FOM:  442.05 MLUPS
