┌─────────────────────────────────────┐
│ LBM KARMAN VORTEX STREET SIMULATION │
└─────────────────────────────────────┘
 CONFIG PARAMETERS
 ┬────────────────────────────────────
 ├ITERATIONS:          20000
 ├WIDTH:               800
 ├HEIGHT:              1280
 ├OBSTACLE X COORD:    100.000000
 ├OBSTACLE Y COORD:    640.000000
 ├OBSTACLE RADIUS:     12.000000
 ├REYNOLDS NUMBER:     96.000000
 ├INFLOW MAX VELOCITY: 0.160000
 ├OUTPUT FILENAME:     results.raw
 ├WRITE INTERVAL:      50
 └SHOW PROGRESS:       0

 DERIVED PARAMETERS
 ┬────────────────────────────────────
 ├KINETIC VISCOSITY:  : 0.040000
 └RELAX PARAMETER:    : 1.612903


   4|       3        5       -1       -1  |          -1           -1           -1           -1  |     0    640  |   802    162 
   5|       4        6       -1       -1  |          -1           -1           -1           -1  |     0    800  |   802    162 
   6|       5        7       -1       -1  |          -1           -1           -1           -1  |     0    960  |   802    162 
   7|       6       -1       -1       -1  |          -1           -1           -1           -1  |     0   1120  |   802    162 
RANK|      TOP   BOTTOM     LEFT    RIGHT |     TOP LEFT    TOP RIGHT  BOTTOM LEFT BOTTOM RIGHT |  POS X  POS Y |  DIM X  DIM Y
   0|      -1        1       -1       -1  |          -1           -1           -1           -1  |     0      0  |   802    162 
   1|       0        2       -1       -1  |          -1           -1           -1           -1  |     0    160  |   802    162 
   2|       1        3       -1       -1  |          -1           -1           -1           -1  |     0    320  |   802    162 
   3|       2        4       -1       -1  |          -1           -1           -1           -1  |     0    480  |   802    162 
SIMULATION COMPLETED.

FOM:  758.49 MLUPS
